preprocessor 0:62 <!DOCTYPE HTML PUBLIC "-//W3C//DTD HTML 4.0 Transitional//EN">
preprocessor 66:96 <!-- a single line comment -->
preprocessor 112:142 <!-- a single line comment -->
preprocessor 146:177 <!-- a multi line
	comment -->
preprocessor 193:224 <!-- a multi
 line comment -->
keyword 231:233 h1
variable 234:237 var
string 238:243 "one"
variable 244:248 test
string 249:254 "two"
