keyword 2:5 xml
variable 6:13 version
string 14:19 "1.0"
variable 20:28 encoding
string 29:36 "utf-8"
